../Core/Src/main.c:91:6:process_alarm	16	static
../Core/Src/main.c:138:6:HAL_GPIO_EXTI_Callback	16	static
../Core/Src/main.c:146:6:SevenSDisplay1	16	static
../Core/Src/main.c:232:6:SevenSDisplay1_null	8	static
../Core/Src/main.c:243:5:TimePicker	16	static
../Core/Src/main.c:281:5:main	16	static
../Core/Src/main.c:384:6:SystemClock_Config	88	static
../Core/Src/main.c:431:13:MX_I2C1_Init	8	static
../Core/Src/main.c:465:13:MX_I2S3_Init	8	static
../Core/Src/main.c:499:13:MX_RTC_Init	72	static
../Core/Src/main.c:581:13:MX_SPI1_Init	8	static
../Core/Src/main.c:619:13:MX_GPIO_Init	56	static
../Core/Src/main.c:735:6:Error_Handler	4	static,ignoring_inline_asm
